BL51 BANKED LINKER/LOCATER V6.22                                                        05/20/2025  23:37:15  PAGE 1


BL51 BANKED LINKER/LOCATER V6.22, INVOKED BY:
D:\KEIL\C51\BIN\BL51.EXE .\Objects\main.obj, .\Objects\Delay.obj, .\Objects\DS18B20.obj, .\Objects\LCD1602.obj, .\Object
>> s\OneWire.obj, .\Objects\Timer0.obj, .\Objects\AT24C02.obj, .\Objects\I2C.obj, .\Objects\Key.obj TO .\Objects\project
>>  PRINT (.\Listings\project.m51) RAMSIZE (256) DISABLEWARNING (16)


MEMORY MODEL: SMALL WITH FLOATING POINT ARITHMETIC


INPUT MODULES INCLUDED:
  .\Objects\main.obj (MAIN)
  .\Objects\Delay.obj (DELAY)
  .\Objects\DS18B20.obj (DS18B20)
  .\Objects\LCD1602.obj (LCD1602)
  .\Objects\OneWire.obj (ONEWIRE)
  .\Objects\Timer0.obj (TIMER0)
  .\Objects\AT24C02.obj (AT24C02)
  .\Objects\I2C.obj (I2C)
  .\Objects\Key.obj (KEY)
  D:\KEIL\C51\LIB\C51FPS.LIB (?C?FPMUL)
  D:\KEIL\C51\LIB\C51FPS.LIB (?C?FPDIV)
  D:\KEIL\C51\LIB\C51FPS.LIB (?C?FPCMP)
  D:\KEIL\C51\LIB\C51FPS.LIB (?C?FPNEG)
  D:\KEIL\C51\LIB\C51FPS.LIB (?C?FCAST)
  D:\KEIL\C51\LIB\C51FPS.LIB (?C?CASTF)
  D:\KEIL\C51\LIB\C51FPS.LIB (?C?FPGETOPN)
  D:\KEIL\C51\LIB\C51S.LIB (?C_STARTUP)
  D:\KEIL\C51\LIB\C51S.LIB (?C?CLDOPTR)
  D:\KEIL\C51\LIB\C51S.LIB (?C?IMUL)
  D:\KEIL\C51\LIB\C51S.LIB (?C?UIDIV)
  D:\KEIL\C51\LIB\C51S.LIB (?C?LNEG)


LINK MAP OF MODULE:  .\Objects\project (MAIN)


            TYPE    BASE      LENGTH    RELOCATION   SEGMENT NAME
            -----------------------------------------------------

            * * * * * * *   D A T A   M E M O R Y   * * * * * * *
            REG     0000H     0008H     ABSOLUTE     "REG BANK 0"
            DATA    0008H     0016H     UNIT         ?DT?MAIN
            DATA    001EH     000CH     UNIT         _DATA_GROUP_
            DATA    002AH     0005H     UNIT         ?DT?_LCD_SHOWHEXNUM?LCD1602
            DATA    002FH     0005H     UNIT         ?DT?_LCD_SHOWBINNUM?LCD1602
            DATA    0034H     0003H     UNIT         ?DT?KEY
            IDATA   0037H     0001H     UNIT         ?STACK

            * * * * * * *   C O D E   M E M O R Y   * * * * * * *
            CODE    0000H     0003H     ABSOLUTE     
            CODE    0003H     0007H     UNIT         ?PR?I2C_STOP?I2C
                    000AH     0001H                  *** GAP ***
            CODE    000BH     0003H     ABSOLUTE     
            CODE    000EH     0391H     UNIT         ?C?LIB_CODE
            CODE    039FH     01D3H     UNIT         ?PR?MAIN?MAIN
            CODE    0572H     00C0H     UNIT         ?PR?TIMER0_ROUNTINE?MAIN
            CODE    0632H     003AH     UNIT         ?PR?_LCD_SHOWSIGNEDNUM?LCD1602
            CODE    066CH     0039H     UNIT         ?PR?_LCD_SHOWHEXNUM?LCD1602
BL51 BANKED LINKER/LOCATER V6.22                                                      05/20/2025  23:37:15  PAGE 2


            CODE    06A5H     0039H     UNIT         ?PR?KEY_LOOP?KEY
            CODE    06DEH     0038H     UNIT         ?PR?_LCD_SHOWBINNUM?LCD1602
            CODE    0716H     0033H     UNIT         ?PR?_LCD_POW?LCD1602
            CODE    0749H     0030H     UNIT         ?PR?_AT24C02_READBYTE?AT24C02
            CODE    0779H     002CH     UNIT         ?PR?DS18B20_READT?DS18B20
            CODE    07A5H     002BH     UNIT         ?CO?MAIN
            CODE    07D0H     002BH     UNIT         ?PR?_AT24C02_WHITEBYTE?AT24C02
            CODE    07FBH     0029H     UNIT         ?PR?_I2C_SENDBYTE?I2C
            CODE    0824H     0023H     UNIT         ?PR?_LCD_SHOWSTRING?LCD1602
            CODE    0847H     001EH     UNIT         ?PR?_LCD_WRITEDATA?LCD1602
            CODE    0865H     001EH     UNIT         ?PR?I2C_RECEIVEBYTE?I2C
            CODE    0883H     001DH     UNIT         ?PR?_LCD_SHOWNUM?LCD1602
            CODE    08A0H     001DH     UNIT         ?PR?ONEWIRE_RECEIVEBYTE?ONEWIRE
            CODE    08BDH     001AH     UNIT         ?PR?ONEWIRE_INIT?ONEWIRE
            CODE    08D7H     001AH     UNIT         ?PR?ONEWIRE_RECEIVEBIT?ONEWIRE
            CODE    08F1H     0019H     UNIT         ?PR?_ONEWIRE_SENDBYTE?ONEWIRE
            CODE    090AH     0017H     UNIT         ?PR?TIMER0_INIT?TIMER0
            CODE    0921H     0016H     UNIT         ?PR?_LCD_SETCURSOR?LCD1602
            CODE    0937H     0016H     UNIT         ?PR?KEY_GETSTATE?KEY
            CODE    094DH     0015H     UNIT         ?PR?_DELAY?DELAY
            CODE    0962H     0014H     UNIT         ?PR?LCD_INIT?LCD1602
            CODE    0976H     0012H     UNIT         ?PR?_ONEWIRE_SENDBIT?ONEWIRE
            CODE    0988H     000FH     UNIT         ?PR?LCD_DELAY?LCD1602
            CODE    0997H     000DH     UNIT         ?PR?DS18B20_CONVERTT?DS18B20
            CODE    09A4H     000CH     UNIT         ?PR?I2C_RECEIVEACK?I2C
            CODE    09B0H     000CH     UNIT         ?C_C51STARTUP
            CODE    09BCH     000AH     UNIT         ?PR?_LCD_WRITECOMMAND?LCD1602
            CODE    09C6H     000AH     UNIT         ?PR?_LCD_SHOWCHAR?LCD1602
            CODE    09D0H     000AH     UNIT         ?PR?_I2C_SENDACK?I2C
            CODE    09DAH     0009H     UNIT         ?PR?I2C_START?I2C
            CODE    09E3H     0006H     UNIT         ?PR?KEY?KEY



OVERLAY MAP OF MODULE:   .\Objects\project (MAIN)


SEGMENT                                   DATA_GROUP 
  +--> CALLED SEGMENT                   START    LENGTH
-------------------------------------------------------
?PR?TIMER0_ROUNTINE?MAIN                -----    -----
  +--> ?PR?KEY_LOOP?KEY
  +--> ?PR?DS18B20_CONVERTT?DS18B20
  +--> ?PR?DS18B20_READT?DS18B20

?PR?KEY_LOOP?KEY                        -----    -----
  +--> ?PR?KEY_GETSTATE?KEY

?PR?DS18B20_CONVERTT?DS18B20            -----    -----
  +--> ?PR?ONEWIRE_INIT?ONEWIRE
  +--> ?PR?_ONEWIRE_SENDBYTE?ONEWIRE

?PR?_ONEWIRE_SENDBYTE?ONEWIRE           -----    -----
  +--> ?PR?_ONEWIRE_SENDBIT?ONEWIRE

?PR?DS18B20_READT?DS18B20               001EH    0001H
  +--> ?PR?ONEWIRE_INIT?ONEWIRE
BL51 BANKED LINKER/LOCATER V6.22                                                      05/20/2025  23:37:15  PAGE 3


  +--> ?PR?_ONEWIRE_SENDBYTE?ONEWIRE
  +--> ?PR?ONEWIRE_RECEIVEBYTE?ONEWIRE

?PR?ONEWIRE_RECEIVEBYTE?ONEWIRE         -----    -----
  +--> ?PR?ONEWIRE_RECEIVEBIT?ONEWIRE

*** NEW ROOT ***************************************************

?C_C51STARTUP                           -----    -----
  +--> ?PR?MAIN?MAIN

?PR?MAIN?MAIN                           -----    -----
  +--> ?PR?_AT24C02_READBYTE?AT24C02
  +--> ?PR?DS18B20_CONVERTT?DS18B20
  +--> ?PR?_DELAY?DELAY
  +--> ?PR?TIMER0_INIT?TIMER0
  +--> ?PR?LCD_INIT?LCD1602
  +--> ?CO?MAIN
  +--> ?PR?_LCD_SHOWSTRING?LCD1602
  +--> ?PR?KEY?KEY
  +--> ?PR?_LCD_SHOWCHAR?LCD1602
  +--> ?PR?_LCD_SHOWNUM?LCD1602
  +--> ?PR?_AT24C02_WHITEBYTE?AT24C02
  +--> ?PR?_LCD_SHOWSIGNEDNUM?LCD1602

?PR?_AT24C02_READBYTE?AT24C02           001FH    0002H
  +--> ?PR?I2C_START?I2C
  +--> ?PR?_I2C_SENDBYTE?I2C
  +--> ?PR?I2C_RECEIVEACK?I2C
  +--> ?PR?I2C_RECEIVEBYTE?I2C
  +--> ?PR?_I2C_SENDACK?I2C
  +--> ?PR?I2C_STOP?I2C

?PR?LCD_INIT?LCD1602                    -----    -----
  +--> ?PR?_LCD_WRITECOMMAND?LCD1602

?PR?_LCD_WRITECOMMAND?LCD1602           -----    -----
  +--> ?PR?LCD_DELAY?LCD1602

?PR?_LCD_SHOWSTRING?LCD1602             001FH    0003H
  +--> ?PR?_LCD_SETCURSOR?LCD1602
  +--> ?PR?_LCD_WRITEDATA?LCD1602

?PR?_LCD_SETCURSOR?LCD1602              -----    -----
  +--> ?PR?_LCD_WRITECOMMAND?LCD1602

?PR?_LCD_WRITEDATA?LCD1602              -----    -----
  +--> ?PR?LCD_DELAY?LCD1602

?PR?_LCD_SHOWCHAR?LCD1602               -----    -----
  +--> ?PR?_LCD_SETCURSOR?LCD1602
  +--> ?PR?_LCD_WRITEDATA?LCD1602

?PR?_LCD_SHOWNUM?LCD1602                001FH    0005H
  +--> ?PR?_LCD_SETCURSOR?LCD1602
  +--> ?PR?_LCD_POW?LCD1602
  +--> ?PR?_LCD_WRITEDATA?LCD1602
BL51 BANKED LINKER/LOCATER V6.22                                                      05/20/2025  23:37:15  PAGE 4



?PR?_LCD_POW?LCD1602                    0026H    0004H

?PR?_AT24C02_WHITEBYTE?AT24C02          001FH    0003H
  +--> ?PR?I2C_START?I2C
  +--> ?PR?_I2C_SENDBYTE?I2C
  +--> ?PR?I2C_RECEIVEACK?I2C
  +--> ?PR?I2C_STOP?I2C
  +--> ?PR?_DELAY?DELAY

?PR?_LCD_SHOWSIGNEDNUM?LCD1602          001FH    0007H
  +--> ?PR?_LCD_SETCURSOR?LCD1602
  +--> ?PR?_LCD_WRITEDATA?LCD1602
  +--> ?PR?_LCD_POW?LCD1602



SYMBOL TABLE OF MODULE:  .\Objects\project (MAIN)

  VALUE           TYPE          NAME
  ----------------------------------

  -------         MODULE        MAIN
  C:0000H         SYMBOL        _ICE_DUMMY_
  D:0090H         PUBLIC        P1
  D:00A0H         PUBLIC        P2
  D:0010H         PUBLIC        Warn
  B:00A0H.5       PUBLIC        BEEP
  C:039FH         PUBLIC        main
  D:0011H         PUBLIC        TX
  D:008CH         PUBLIC        TH0
  D:008AH         PUBLIC        TL0
  D:0013H         PUBLIC        T
  D:0017H         PUBLIC        THigh
  D:0018H         PUBLIC        KeyNum
  B:0090H.0       PUBLIC        FUN
  C:0572H         PUBLIC        Timer0_Rountine
  D:0019H         PUBLIC        TShow
  D:001DH         PUBLIC        Beep
  -------         PROC          MAIN
  C:039FH         LINE#         23
  C:039FH         LINE#         24
  C:039FH         LINE#         25
  C:03A6H         LINE#         26
  C:03B8H         LINE#         27
  C:03B8H         LINE#         28
  C:03BBH         LINE#         29
  C:03BBH         LINE#         30
  C:03BEH         LINE#         31
  C:03C5H         LINE#         32
  C:03C8H         LINE#         33
  C:03CBH         LINE#         34
  C:03D8H         LINE#         35
  C:03E5H         LINE#         37
  C:03E5H         LINE#         38
  C:03E5H         LINE#         39
  C:03EAH         LINE#         43
BL51 BANKED LINKER/LOCATER V6.22                                                      05/20/2025  23:37:15  PAGE 5


  C:03FCH         LINE#         44
  C:03FCH         LINE#         45
  C:0405H         LINE#         46
  C:0418H         LINE#         47
  C:041AH         LINE#         49
  C:041AH         LINE#         50
  C:0426H         LINE#         51
  C:042FH         LINE#         52
  C:042FH         LINE#         53
  C:044DH         LINE#         54
  C:0466H         LINE#         55
  C:046FH         LINE#         56
  C:047DH         LINE#         61
  C:0481H         LINE#         62
  C:0481H         LINE#         63
  C:0484H         LINE#         64
  C:0484H         LINE#         65
  C:0486H         LINE#         66
  C:0492H         LINE#         67
  C:0492H         LINE#         68
  C:0497H         LINE#         69
  C:0497H         LINE#         70
  C:0499H         LINE#         71
  C:04A5H         LINE#         72
  C:04A5H         LINE#         73
  C:04AAH         LINE#         74
  C:04AAH         LINE#         75
  C:04B6H         LINE#         76
  C:04B6H         LINE#         77
  C:04BBH         LINE#         78
  C:04BBH         LINE#         79
  C:04BEH         LINE#         80
  C:04BEH         LINE#         82
  C:04BEH         LINE#         83
  C:04CFH         LINE#         87
  C:04E8H         LINE#         88
  C:04E8H         LINE#         89
  C:04F5H         LINE#         90
  C:0502H         LINE#         91
  C:0505H         LINE#         92
  C:0507H         LINE#         93
  C:050AH         LINE#         94
  C:050DH         LINE#         95
  C:0528H         LINE#         96
  C:0528H         LINE#         97
  C:0535H         LINE#         98
  C:0542H         LINE#         99
  C:0545H         LINE#         100
  C:0547H         LINE#         101
  C:054AH         LINE#         102
  C:054DH         LINE#         104
  C:054DH         LINE#         105
  C:055AH         LINE#         106
  C:0567H         LINE#         107
  C:056AH         LINE#         108
  C:056CH         LINE#         109
  C:056FH         LINE#         110
BL51 BANKED LINKER/LOCATER V6.22                                                      05/20/2025  23:37:15  PAGE 6


  C:056FH         LINE#         112
  -------         ENDPROC       MAIN
  -------         PROC          TIMER0_ROUNTINE
  -------         DO            
  D:0008H         SYMBOL        T0Count1
  D:000AH         SYMBOL        T0Count2
  D:000CH         SYMBOL        T0Count3
  D:000EH         SYMBOL        T0Count4
  -------         ENDDO         
  C:0572H         LINE#         119
  C:058FH         LINE#         123
  C:0592H         LINE#         124
  C:0595H         LINE#         125
  C:059DH         LINE#         126
  C:05A5H         LINE#         127
  C:05ADH         LINE#         128
  C:05B9H         LINE#         131
  C:05C4H         LINE#         132
  C:05C4H         LINE#         133
  C:05CAH         LINE#         134
  C:05CDH         LINE#         135
  C:05CDH         LINE#         136
  C:05D8H         LINE#         137
  C:05D8H         LINE#         138
  C:05DEH         LINE#         139
  C:05E1H         LINE#         140
  C:05ECH         LINE#         141
  C:05ECH         LINE#         142
  C:05F7H         LINE#         143
  C:05F7H         LINE#         144
  C:05FDH         LINE#         145
  C:0601H         LINE#         146
  C:0601H         LINE#         147
  C:0603H         LINE#         148
  C:0603H         LINE#         149
  C:0603H         LINE#         150
  C:060EH         LINE#         151
  C:060EH         LINE#         152
  C:0614H         LINE#         153
  C:0617H         LINE#         154
  C:0617H         LINE#         155
  -------         ENDPROC       TIMER0_ROUNTINE
  -------         ENDMOD        MAIN

  -------         MODULE        DELAY
  C:0000H         SYMBOL        _ICE_DUMMY_
  C:094DH         PUBLIC        _Delay
  -------         PROC          _DELAY
  D:0006H         SYMBOL        xms
  -------         DO            
  D:0005H         SYMBOL        i
  D:0004H         SYMBOL        j
  -------         ENDDO         
  C:094DH         LINE#         1
  C:094DH         LINE#         2
  C:094DH         LINE#         4
  C:0957H         LINE#         5
BL51 BANKED LINKER/LOCATER V6.22                                                      05/20/2025  23:37:15  PAGE 7


  C:0957H         LINE#         6
  C:0959H         LINE#         7
  C:095BH         LINE#         9
  C:095BH         LINE#         10
  C:095DH         LINE#         11
  C:095FH         LINE#         12
  C:0961H         LINE#         13
  -------         ENDPROC       _DELAY
  -------         ENDMOD        DELAY

  -------         MODULE        DS18B20
  C:0000H         SYMBOL        _ICE_DUMMY_
  C:0997H         PUBLIC        DS18B20_ConvertT
  C:0779H         PUBLIC        DS18B20_ReadT
  -------         PROC          DS18B20_CONVERTT
  C:0997H         LINE#         8
  C:0997H         LINE#         9
  C:0997H         LINE#         10
  C:099AH         LINE#         11
  C:099FH         LINE#         12
  -------         ENDPROC       DS18B20_CONVERTT
  -------         PROC          DS18B20_READT
  -------         DO            
  D:001EH         SYMBOL        TLSB
  D:0007H         SYMBOL        THSB
  D:0006H         SYMBOL        Temp
  D:0004H         SYMBOL        T
  -------         ENDDO         
  C:0779H         LINE#         15
  C:0779H         LINE#         16
  C:0779H         LINE#         21
  C:077CH         LINE#         22
  C:0781H         LINE#         23
  C:0786H         LINE#         24
  C:078BH         LINE#         25
  C:078EH         LINE#         26
  C:0793H         LINE#         27
  C:07A4H         LINE#         29
  C:07A4H         LINE#         30
  -------         ENDPROC       DS18B20_READT
  -------         ENDMOD        DS18B20

  -------         MODULE        LCD1602
  C:0000H         SYMBOL        _ICE_DUMMY_
  D:0080H         PUBLIC        P0
  D:00A0H         PUBLIC        P2
  C:09BCH         PUBLIC        _LCD_WriteCommand
  C:0883H         PUBLIC        _LCD_ShowNum
  C:06DEH         PUBLIC        _LCD_ShowBinNum
  C:098EH         PUBLIC        LCD_Delay
  C:066CH         PUBLIC        _LCD_ShowHexNum
  C:085BH         PUBLIC        _LCD_WriteData
  B:00A0H.7       PUBLIC        LCD_EN
  C:0962H         PUBLIC        LCD_Init
  C:0824H         PUBLIC        _LCD_ShowString
  C:09C6H         PUBLIC        _LCD_ShowChar
  B:00A0H.6       PUBLIC        LCD_RS
BL51 BANKED LINKER/LOCATER V6.22                                                      05/20/2025  23:37:15  PAGE 8


  B:00A0H.5       PUBLIC        LCD_RW
  C:0921H         PUBLIC        _LCD_SetCursor
  C:0632H         PUBLIC        _LCD_ShowSignedNum
  C:0722H         PUBLIC        _LCD_Pow
  -------         PROC          L?0048
  -------         ENDPROC       L?0048
  -------         PROC          LCD_DELAY
  -------         DO            
  D:0007H         SYMBOL        i
  D:0006H         SYMBOL        j
  -------         ENDDO         
  C:098EH         LINE#         15
  C:098EH         LINE#         16
  C:098EH         LINE#         19
  C:0990H         LINE#         20
  C:0992H         LINE#         22
  C:0992H         LINE#         23
  C:0994H         LINE#         24
  C:0996H         LINE#         25
  -------         ENDPROC       LCD_DELAY
  -------         PROC          _LCD_WRITECOMMAND
  D:0007H         SYMBOL        Command
  C:09BCH         LINE#         32
  C:09BCH         LINE#         33
  C:09BCH         LINE#         34
  C:09BEH         LINE#         35
  C:09BEH         LINE#         36
  C:09BEH         LINE#         37
  C:09BEH         LINE#         38
  C:09C1H         LINE#         39
  C:09C3H         LINE#         40
  -------         ENDPROC       _LCD_WRITECOMMAND
  -------         PROC          L?0047
  -------         ENDPROC       L?0047
  -------         PROC          _LCD_WRITEDATA
  D:0007H         SYMBOL        Data
  C:085BH         LINE#         48
  C:085BH         LINE#         49
  C:085BH         LINE#         50
  C:085DH         LINE#         51
  C:085DH         LINE#         52
  C:085DH         LINE#         53
  C:085DH         LINE#         54
  C:0860H         LINE#         55
  C:0862H         LINE#         56
  -------         ENDPROC       _LCD_WRITEDATA
  -------         PROC          _LCD_SETCURSOR
  D:0006H         SYMBOL        Line
  D:0005H         SYMBOL        Column
  C:0921H         LINE#         65
  C:0923H         LINE#         66
  C:0923H         LINE#         67
  C:0926H         LINE#         68
  C:0926H         LINE#         69
  C:0928H         LINE#         70
  C:092AH         LINE#         71
  C:092DH         LINE#         72
BL51 BANKED LINKER/LOCATER V6.22                                                      05/20/2025  23:37:15  PAGE 9


  C:092DH         LINE#         73
  C:0936H         LINE#         74
  C:0936H         LINE#         75
  -------         ENDPROC       _LCD_SETCURSOR
  -------         PROC          LCD_INIT
  C:0962H         LINE#         82
  C:0962H         LINE#         83
  C:0962H         LINE#         84
  C:0967H         LINE#         85
  C:096CH         LINE#         86
  C:0971H         LINE#         87
  -------         ENDPROC       LCD_INIT
  -------         PROC          _LCD_SHOWCHAR
  D:0006H         SYMBOL        Line
  D:0005H         SYMBOL        Column
  D:0004H         SYMBOL        Char
  C:09C6H         LINE#         97
  C:09C8H         LINE#         98
  C:09C8H         LINE#         99
  C:09CBH         LINE#         100
  -------         ENDPROC       _LCD_SHOWCHAR
  -------         PROC          _LCD_SHOWSTRING
  D:0007H         SYMBOL        Line
  D:0005H         SYMBOL        Column
  D:001FH         SYMBOL        String
  -------         DO            
  D:0005H         SYMBOL        i
  -------         ENDDO         
  C:0824H         LINE#         110
  C:082AH         LINE#         111
  C:082AH         LINE#         113
  C:082DH         LINE#         114
  C:0840H         LINE#         115
  C:0840H         LINE#         116
  C:0843H         LINE#         117
  C:0846H         LINE#         118
  -------         ENDPROC       _LCD_SHOWSTRING
  C:0718H         SYMBOL        L?0046
  -------         PROC          L?0045
  -------         ENDPROC       L?0045
  C:0718H         SYMBOL        L?0046
  -------         PROC          _LCD_POW
  D:0026H         SYMBOL        X
  D:0028H         SYMBOL        Y
  -------         DO            
  D:0003H         SYMBOL        i
  D:0006H         SYMBOL        Result
  -------         ENDDO         
  C:0722H         LINE#         123
  C:072AH         LINE#         124
  C:072AH         LINE#         126
  C:072EH         LINE#         127
  C:073EH         LINE#         128
  C:073EH         LINE#         129
  C:0745H         LINE#         130
  C:0748H         LINE#         131
  C:0748H         LINE#         132
BL51 BANKED LINKER/LOCATER V6.22                                                      05/20/2025  23:37:15  PAGE 10


  -------         ENDPROC       _LCD_POW
  -------         PROC          _LCD_SHOWNUM
  D:0007H         SYMBOL        Line
  D:0005H         SYMBOL        Column
  D:0021H         SYMBOL        Number
  D:0023H         SYMBOL        Length
  -------         DO            
  D:0002H         SYMBOL        i
  -------         ENDDO         
  C:0883H         LINE#         142
  C:0887H         LINE#         143
  C:0887H         LINE#         145
  C:088AH         LINE#         146
  C:0892H         LINE#         147
  C:0892H         LINE#         148
  C:089CH         LINE#         149
  C:089FH         LINE#         150
  -------         ENDPROC       _LCD_SHOWNUM
  -------         PROC          _LCD_SHOWSIGNEDNUM
  D:0007H         SYMBOL        Line
  D:0005H         SYMBOL        Column
  D:0002H         SYMBOL        Number
  D:0023H         SYMBOL        Length
  -------         DO            
  D:0002H         SYMBOL        i
  D:0024H         SYMBOL        Number1
  -------         ENDDO         
  C:0632H         LINE#         160
  C:0632H         LINE#         161
  C:0632H         LINE#         164
  C:0635H         LINE#         165
  C:063DH         LINE#         166
  C:063DH         LINE#         167
  C:0642H         LINE#         168
  C:0646H         LINE#         169
  C:0648H         LINE#         171
  C:0648H         LINE#         172
  C:064DH         LINE#         173
  C:0656H         LINE#         174
  C:0656H         LINE#         175
  C:065EH         LINE#         176
  C:065EH         LINE#         177
  C:0668H         LINE#         178
  C:066BH         LINE#         179
  -------         ENDPROC       _LCD_SHOWSIGNEDNUM
  -------         PROC          _LCD_SHOWHEXNUM
  D:0007H         SYMBOL        Line
  D:0005H         SYMBOL        Column
  D:002CH         SYMBOL        Number
  D:002EH         SYMBOL        Length
  -------         DO            
  D:0002H         SYMBOL        i
  D:0006H         SYMBOL        SingleNumber
  -------         ENDDO         
  C:066CH         LINE#         189
  C:0670H         LINE#         190
  C:0670H         LINE#         192
BL51 BANKED LINKER/LOCATER V6.22                                                      05/20/2025  23:37:15  PAGE 11


  C:0673H         LINE#         193
  C:067BH         LINE#         194
  C:067BH         LINE#         195
  C:0691H         LINE#         196
  C:0697H         LINE#         197
  C:0697H         LINE#         198
  C:0699H         LINE#         199
  C:069BH         LINE#         201
  C:069BH         LINE#         202
  C:06A1H         LINE#         203
  C:06A1H         LINE#         204
  C:06A4H         LINE#         205
  -------         ENDPROC       _LCD_SHOWHEXNUM
  -------         PROC          _LCD_SHOWBINNUM
  D:0007H         SYMBOL        Line
  D:0005H         SYMBOL        Column
  D:0031H         SYMBOL        Number
  D:0033H         SYMBOL        Length
  -------         DO            
  D:0002H         SYMBOL        i
  -------         ENDDO         
  C:06DEH         LINE#         215
  C:06E2H         LINE#         216
  C:06E2H         LINE#         218
  C:06E5H         LINE#         219
  C:06EDH         LINE#         220
  C:06EDH         LINE#         221
  C:0712H         LINE#         222
  C:0715H         LINE#         223
  -------         ENDPROC       _LCD_SHOWBINNUM
  -------         ENDMOD        LCD1602

  -------         MODULE        ONEWIRE
  C:0000H         SYMBOL        _ICE_DUMMY_
  D:00B0H         PUBLIC        P3
  C:08D7H         PUBLIC        OneWire_ReceiveBit
  B:00B0H.7       PUBLIC        OneWire_DQ
  C:08BDH         PUBLIC        OneWire_Init
  C:08F1H         PUBLIC        _OneWire_SendByte
  C:0976H         PUBLIC        _OneWire_SendBit
  C:08A0H         PUBLIC        OneWire_ReceiveByte
  -------         PROC          ONEWIRE_INIT
  -------         DO            
  D:0007H         SYMBOL        i
  D:0006H         SYMBOL        AckBit
  -------         ENDDO         
  C:08BDH         LINE#         5
  C:08BDH         LINE#         6
  C:08BDH         LINE#         11
  C:08BFH         LINE#         12
  C:08C1H         LINE#         13
  C:08C5H         LINE#         14
  C:08C7H         LINE#         15
  C:08CBH         LINE#         16
  C:08D0H         LINE#         17
  C:08D4H         LINE#         19
  C:08D6H         LINE#         20
BL51 BANKED LINKER/LOCATER V6.22                                                      05/20/2025  23:37:15  PAGE 12


  -------         ENDPROC       ONEWIRE_INIT
  -------         PROC          _ONEWIRE_SENDBIT
  D:0007H         SYMBOL        Bit
  -------         DO            
  D:0006H         SYMBOL        i
  -------         ENDDO         
  C:0976H         LINE#         22
  C:0976H         LINE#         23
  C:0976H         LINE#         26
  C:0978H         LINE#         27
  C:097CH         LINE#         28
  C:0981H         LINE#         29
  C:0985H         LINE#         30
  C:0987H         LINE#         31
  -------         ENDPROC       _ONEWIRE_SENDBIT
  -------         PROC          ONEWIRE_RECEIVEBIT
  -------         DO            
  D:0007H         SYMBOL        i
  D:0006H         SYMBOL        Bit
  -------         ENDDO         
  C:08D7H         LINE#         33
  C:08D7H         LINE#         34
  C:08D7H         LINE#         37
  C:08D9H         LINE#         38
  C:08DDH         LINE#         39
  C:08DFH         LINE#         40
  C:08E3H         LINE#         41
  C:08E8H         LINE#         42
  C:08ECH         LINE#         43
  C:08EEH         LINE#         45
  C:08F0H         LINE#         46
  -------         ENDPROC       ONEWIRE_RECEIVEBIT
  -------         PROC          _ONEWIRE_SENDBYTE
  D:0005H         SYMBOL        Byte
  -------         DO            
  D:0004H         SYMBOL        i
  -------         ENDDO         
  C:08F1H         LINE#         48
  C:08F3H         LINE#         49
  C:08F3H         LINE#         52
  C:08F5H         LINE#         53
  C:08F5H         LINE#         54
  C:0905H         LINE#         55
  C:0909H         LINE#         57
  -------         ENDPROC       _ONEWIRE_SENDBYTE
  -------         PROC          ONEWIRE_RECEIVEBYTE
  -------         DO            
  D:0004H         SYMBOL        i
  D:0005H         SYMBOL        Byte
  -------         ENDDO         
  C:08A0H         LINE#         59
  C:08A0H         LINE#         60
  C:08A0H         LINE#         62
  C:08A2H         LINE#         64
  C:08A3H         LINE#         65
  C:08A3H         LINE#         66
  C:08B6H         LINE#         67
BL51 BANKED LINKER/LOCATER V6.22                                                      05/20/2025  23:37:15  PAGE 13


  C:08BAH         LINE#         69
  C:08BCH         LINE#         70
  -------         ENDPROC       ONEWIRE_RECEIVEBYTE
  -------         ENDMOD        ONEWIRE

  -------         MODULE        TIMER0
  C:0000H         SYMBOL        _ICE_DUMMY_
  B:00A8H.7       PUBLIC        EA
  C:090AH         PUBLIC        Timer0_Init
  D:0089H         PUBLIC        TMOD
  B:00A8H.1       PUBLIC        ET0
  B:0088H.5       PUBLIC        TF0
  D:008CH         PUBLIC        TH0
  D:008AH         PUBLIC        TL0
  B:00B8H.1       PUBLIC        PT0
  B:0088H.4       PUBLIC        TR0
  -------         PROC          TIMER0_INIT
  C:090AH         LINE#         8
  C:090AH         LINE#         9
  C:090AH         LINE#         10
  C:090DH         LINE#         11
  C:0910H         LINE#         12
  C:0913H         LINE#         13
  C:0916H         LINE#         14
  C:0918H         LINE#         15
  C:091AH         LINE#         16
  C:091CH         LINE#         17
  C:091EH         LINE#         18
  C:0920H         LINE#         20
  -------         ENDPROC       TIMER0_INIT
  -------         ENDMOD        TIMER0

  -------         MODULE        AT24C02
  C:0000H         SYMBOL        _ICE_DUMMY_
  C:0749H         PUBLIC        _AT24C02_ReadByte
  C:07D0H         PUBLIC        _AT24C02_WhiteByte
  -------         PROC          _AT24C02_WHITEBYTE
  D:001FH         SYMBOL        WordAddress
  D:0020H         SYMBOL        Data
  C:07D0H         LINE#         14
  C:07D6H         LINE#         15
  C:07D6H         LINE#         16
  C:07D9H         LINE#         17
  C:07DEH         LINE#         18
  C:07E1H         LINE#         19
  C:07E6H         LINE#         20
  C:07E9H         LINE#         21
  C:07EEH         LINE#         22
  C:07F1H         LINE#         23
  C:07F4H         LINE#         24
  -------         ENDPROC       _AT24C02_WHITEBYTE
  -------         PROC          _AT24C02_READBYTE
  D:001FH         SYMBOL        WordAddress
  -------         DO            
  D:0020H         SYMBOL        Data
  -------         ENDDO         
  C:0749H         LINE#         33
BL51 BANKED LINKER/LOCATER V6.22                                                      05/20/2025  23:37:15  PAGE 14


  C:074BH         LINE#         34
  C:074BH         LINE#         37
  C:074EH         LINE#         38
  C:0753H         LINE#         39
  C:0756H         LINE#         40
  C:075BH         LINE#         41
  C:075EH         LINE#         42
  C:0761H         LINE#         43
  C:0766H         LINE#         44
  C:0769H         LINE#         45
  C:076EH         LINE#         46
  C:0773H         LINE#         47
  C:0776H         LINE#         49
  C:0778H         LINE#         50
  -------         ENDPROC       _AT24C02_READBYTE
  -------         ENDMOD        AT24C02

  -------         MODULE        I2C
  C:0000H         SYMBOL        _ICE_DUMMY_
  B:00A0H.1       PUBLIC        I2C_SCL
  D:00A0H         PUBLIC        P2
  C:09DAH         PUBLIC        I2C_Start
  C:09D0H         PUBLIC        _I2C_SendAck
  C:07FBH         PUBLIC        _I2C_SendByte
  C:0003H         PUBLIC        I2C_Stop
  C:09A4H         PUBLIC        I2C_ReceiveAck
  B:00A0H.0       PUBLIC        I2C_SDA
  C:0865H         PUBLIC        I2C_ReceiveByte
  -------         PROC          I2C_START
  C:09DAH         LINE#         12
  C:09DAH         LINE#         13
  C:09DAH         LINE#         14
  C:09DCH         LINE#         15
  C:09DEH         LINE#         16
  C:09E0H         LINE#         17
  C:09E2H         LINE#         18
  -------         ENDPROC       I2C_START
  -------         PROC          I2C_STOP
  C:0003H         LINE#         27
  C:0003H         LINE#         28
  C:0003H         LINE#         29
  C:0005H         LINE#         30
  C:0007H         LINE#         31
  C:0009H         LINE#         32
  -------         ENDPROC       I2C_STOP
  -------         PROC          _I2C_SENDBYTE
  D:0005H         SYMBOL        Byte
  -------         DO            
  D:0003H         SYMBOL        i
  -------         ENDDO         
  C:07FBH         LINE#         40
  C:07FDH         LINE#         41
  C:07FDH         LINE#         43
  C:07FFH         LINE#         44
  C:07FFH         LINE#         45
  C:081BH         LINE#         46
  C:081DH         LINE#         47
BL51 BANKED LINKER/LOCATER V6.22                                                      05/20/2025  23:37:15  PAGE 15


  C:081FH         LINE#         48
  C:0823H         LINE#         49
  -------         ENDPROC       _I2C_SENDBYTE
  -------         PROC          I2C_RECEIVEBYTE
  -------         DO            
  D:0006H         SYMBOL        i
  D:0007H         SYMBOL        Byte
  -------         ENDDO         
  C:0865H         LINE#         57
  C:0865H         LINE#         58
  C:0865H         LINE#         59
  C:0867H         LINE#         61
  C:0869H         LINE#         63
  C:086AH         LINE#         64
  C:086AH         LINE#         65
  C:086CH         LINE#         66
  C:087CH         LINE#         67
  C:087EH         LINE#         68
  C:0882H         LINE#         70
  C:0882H         LINE#         71
  -------         ENDPROC       I2C_RECEIVEBYTE
  -------         PROC          _I2C_SENDACK
  D:0007H         SYMBOL        AckBit
  C:09D0H         LINE#         79
  C:09D0H         LINE#         80
  C:09D0H         LINE#         81
  C:09D5H         LINE#         82
  C:09D7H         LINE#         83
  C:09D9H         LINE#         84
  -------         ENDPROC       _I2C_SENDACK
  -------         PROC          I2C_RECEIVEACK
  -------         DO            
  D:0007H         SYMBOL        AckBit
  -------         ENDDO         
  C:09A4H         LINE#         92
  C:09A4H         LINE#         93
  C:09A4H         LINE#         96
  C:09A6H         LINE#         97
  C:09A8H         LINE#         98
  C:09ADH         LINE#         99
  C:09AFH         LINE#         101
  C:09AFH         LINE#         102
  -------         ENDPROC       I2C_RECEIVEACK
  -------         ENDMOD        I2C

  -------         MODULE        KEY
  C:0000H         SYMBOL        _ICE_DUMMY_
  B:00B0H.0       PUBLIC        P3_0
  B:00B0H.1       PUBLIC        P3_1
  B:00B0H.2       PUBLIC        P3_2
  B:00B0H.3       PUBLIC        P3_3
  C:06A5H         PUBLIC        Key_Loop
  C:09E3H         PUBLIC        Key
  C:0937H         PUBLIC        Key_GetState
  D:0036H         PUBLIC        Key_Number
  -------         PROC          KEY
  -------         DO            
BL51 BANKED LINKER/LOCATER V6.22                                                      05/20/2025  23:37:15  PAGE 16


  D:0007H         SYMBOL        Temp
  -------         ENDDO         
  C:09E3H         LINE#         6
  C:09E3H         LINE#         7
  C:09E3H         LINE#         8
  C:09E4H         LINE#         10
  C:09E6H         LINE#         11
  C:09E8H         LINE#         13
  C:09E8H         LINE#         14
  -------         ENDPROC       KEY
  -------         PROC          KEY_GETSTATE
  -------         DO            
  D:0007H         SYMBOL        KeyNumber
  -------         ENDDO         
  C:0937H         LINE#         16
  C:0937H         LINE#         17
  C:0937H         LINE#         18
  C:0939H         LINE#         20
  C:093DH         LINE#         21
  C:0942H         LINE#         22
  C:0947H         LINE#         23
  C:094CH         LINE#         25
  C:094CH         LINE#         26
  -------         ENDPROC       KEY_GETSTATE
  -------         PROC          KEY_LOOP
  -------         DO            
  D:0034H         SYMBOL        NowState
  D:0035H         SYMBOL        LastState
  -------         ENDDO         
  C:06A5H         LINE#         28
  C:06A5H         LINE#         29
  C:06A5H         LINE#         31
  C:06A8H         LINE#         32
  C:06ADH         LINE#         33
  C:06B9H         LINE#         34
  C:06C5H         LINE#         35
  C:06D1H         LINE#         36
  C:06DDH         LINE#         37
  -------         ENDPROC       KEY_LOOP
  -------         ENDMOD        KEY

  -------         MODULE        ?C?FPMUL
  C:000EH         PUBLIC        ?C?FPMUL
  -------         ENDMOD        ?C?FPMUL

  -------         MODULE        ?C?FPDIV
  C:0117H         PUBLIC        ?C?FPDIV
  -------         ENDMOD        ?C?FPDIV

  -------         MODULE        ?C?FPCMP
  C:01B6H         PUBLIC        ?C?FPCMP
  C:01B4H         PUBLIC        ?C?FPCMP3
  -------         ENDMOD        ?C?FPCMP

  -------         MODULE        ?C?FPNEG
  C:022DH         PUBLIC        ?C?FPNEG
  -------         ENDMOD        ?C?FPNEG
BL51 BANKED LINKER/LOCATER V6.22                                                      05/20/2025  23:37:15  PAGE 17



  -------         MODULE        ?C?FCAST
  C:0248H         PUBLIC        ?C?FCASTC
  C:0243H         PUBLIC        ?C?FCASTI
  C:023EH         PUBLIC        ?C?FCASTL
  -------         ENDMOD        ?C?FCAST

  -------         MODULE        ?C?CASTF
  C:027CH         PUBLIC        ?C?CASTF
  -------         ENDMOD        ?C?CASTF

  -------         MODULE        ?C?CLDOPTR
  C:02FDH         PUBLIC        ?C?CLDOPTR
  -------         ENDMOD        ?C?CLDOPTR

  -------         MODULE        ?C?IMUL
  C:032AH         PUBLIC        ?C?IMUL
  -------         ENDMOD        ?C?IMUL

  -------         MODULE        ?C?UIDIV
  C:033CH         PUBLIC        ?C?UIDIV
  -------         ENDMOD        ?C?UIDIV

  -------         MODULE        ?C?LNEG
  C:0391H         PUBLIC        ?C?LNEG
  -------         ENDMOD        ?C?LNEG

Program Size: data=56.0 xdata=0 code=2536
LINK/LOCATE RUN COMPLETE.  0 WARNING(S),  0 ERROR(S)
